A51 MACRO ASSEMBLER  P5                                                                   11/07/2017 13:59:27 PAGE     1


MACRO ASSEMBLER A51 V8.2.5.0
OBJECT MODULE PLACED IN .\Objects\P5.obj
ASSEMBLER INVOKED BY: C:\Users\Mariana\C51\BIN\A51.EXE P5.a51 SET(SMALL) DEBUG PRINT(.\Listings\P5.lst) OBJECT(.\Objects
                      \P5.obj) EP

LOC  OBJ            LINE     SOURCE

                       1     ;Práctica 5 de Fundamentos de Microprocesadores

                       2     ; OTOÑO 2017, profesor Mario Alberto Peredo

                       3     ; Luisa Flores, Julián López y Mariana Sierra

  0032                 4     RAM_LCD EQU 32H

                       5     

  0031                 6     LINEA EQU 31H           ;CUENTA DE CARACTÉRES POR RENGLÓN               

                       7     

0000                   8                     ORG 0000H

0000 803E              9                     SJMP RESET

0040                  10                     ORG 0040H

                      11     

0040 758000           12     RESET:  MOV P0,#00H                     ;INICALIZAR PANTALLA

0043 75B038           13                     MOV P3,#38H                     

                      14                     ;ESPERAR 4.1 milisegundos

0046 1175             15                     ACALL PUSH_BTN

0048 75B038           16                     MOV P3,#38H                     

                      17                     ;ESPERAR 100 microsegundos

004B 1175             18                     ACALL PUSH_BTN

004D 75B038           19                     MOV P3,#38H                     

                      20                     ;ESPERAR x

0050 1175             21                     ACALL PUSH_BTN

                      22                     

0052 75B001           23                     MOV P3,#01H                     ;LIMPIAR PANTALLA                       

0055 1175             24                     ACALL PUSH_BTN

                      25                     

0057 75B00E           26                     MOV P3,#00001110B       ;ENCENDER PANTALLA, CON CURSOS, SIN PARPADEO

005A 1175             27                     ACALL PUSH_BTN

                      28                     

005C 75B080           29                     MOV P3,#80H                     ;POSICIONAR CURSOR

005F 1175             30                     ACALL PUSH_BTN

                      31                     

0061 753120           32                     MOV LINEA,#20H          ;INICIALIZAR EN 0 LAS CUENTAS

                      33     

0064 20A613           34     MAIN:   JB P2.6,ASCII           ;DETECTAR SI ES EN CÓDIGO ASCII

0067 30A7FA           35                     JNB P2.7,MAIN           ;DETECTAR SI EL DATO ESTA DISPONIBLE

                      36                     ;DETECTAR SI HAY QUE ENVIAR POR EL PUERTO SERIAL

                      37                     

006A E5A0             38                     MOV A,P2                        ;GUARDAR EL DATO QUE NO ES EN CÓDIGO ASCII

006C 540F             39                     ANL A,#00001111B        

006E 2430             40                     ADD A, #30H                     ;PASARLO A ASCII

0070 F8               41                     MOV R0,A                        ; R0 = TECLADO DIRECTO

0071 C2A7             42                     CLR P2.7                        ;LISTO PARA RECIBIR OTRO DATO

0073 801F             43                     SJMP T_DATO

                      44     

0075 D287             45     PUSH_BTN:       SETB P0.7

0077 C287             46                             CLR P0.7

0079 22               47                             RET

                      48     

007A C2A6             49     ASCII:  CLR P2.6

                      50     

007C 30A7FD           51                     JNB P2.7,$                      ;DETECTAR SI EL 1ER DATO ESTA DISPONIBLE

007F E5A0             52                     MOV A,P2                        

0081 540F             53                     ANL A,#00001111B        

0083 F9               54                     MOV R1,A                        ; R1 = ASCII_1

0084 C2A7             55                     CLR P2.7                        ;LISTO PARA RECIBIR OTRO DATO

                      56                     

0086 30A7FD           57                     JNB P2.7,$                      ;DETECTAR SI 2DO EL DATO ESTA DISPONIBLE

A51 MACRO ASSEMBLER  P5                                                                   11/07/2017 13:59:27 PAGE     2

0089 E5A0             58                     MOV A,P2                

008B 540F             59                     ANL A,#00001111B        

008D FA               60                     MOV R2,A                        ; R2 = ASCII_2

008E C2A7             61                     CLR P2.7                        

                      62                     

0090 29               63                     ADD A,R1                        ;CONCATENAR EL NÚMERO DE R1 Y R2

0091 F8               64                     MOV R0,A                        ;MOVER A R0

0092 8000             65                     SJMP T_DATO

                      66                     

                      67                     

0094 D53111           68     T_DATO:         DJNZ LINEA, CONTINUE            ;CAMBIAR A 33D SI NO ES SUFICIENTE

0097 753120           69                             MOV LINEA,#20H                          ;REGRESAR CURSOR AL INICIO

009A C285             70                             CLR P0.5                                        ;RS = 0 POR SI ACAS
                             O

                      71                             

009C 75B001           72                             MOV P3,#01H                                     ;LIMPIAR PANTALLA  
                                                  

009F 1175             73                             ACALL PUSH_BTN

                      74                             

00A1 75B080           75                             MOV P3,#80H                                     ;MOVER EL CURSOR AL
                              INICIO, PRIMER RENGLÓN

00A4 1175             76                             ACALL PUSH_BTN

                      77                                                     

00A6 800C             78                             SJMP TRANSMITIR

                      79                             

00A8 E531             80     CONTINUE:       MOV A, LINEA

00AA B41007           81                             CJNE A,#10H, TRANSMITIR

                      82     

00AD C285             83                             CLR P0.5                                        ;RS = 0 POR SI ACAS
                             O

00AF 75B0C0           84                             MOV P3,#0C0H                            ;SEGUNDO RENGLÓN

00B2 1175             85                             ACALL PUSH_BTN                  

                      86                             

00B4 D285             87     TRANSMITIR:     SETB P0.5               ;ACTIVAR RS = 1

                      88     

00B6 88B0             89                             MOV P3,R0               ;MANDAR EL DATO         

00B8 1175             90                             ACALL PUSH_BTN

                      91                             

00BA C285             92                             CLR P0.5                ;DESACTIVAR RS = 0

00BC 80A6             93                             SJMP MAIN

                      94             

                      95                             

                      96                     END

A51 MACRO ASSEMBLER  P5                                                                   11/07/2017 13:59:27 PAGE     3

SYMBOL TABLE LISTING
------ ----- -------


N A M E             T Y P E  V A L U E   ATTRIBUTES

ASCII. . . . . . .  C ADDR   007AH   A   
CONTINUE . . . . .  C ADDR   00A8H   A   
LINEA. . . . . . .  N NUMB   0031H   A   
MAIN . . . . . . .  C ADDR   0064H   A   
P0 . . . . . . . .  D ADDR   0080H   A   
P2 . . . . . . . .  D ADDR   00A0H   A   
P3 . . . . . . . .  D ADDR   00B0H   A   
PUSH_BTN . . . . .  C ADDR   0075H   A   
RAM_LCD. . . . . .  N NUMB   0032H   A   
RESET. . . . . . .  C ADDR   0040H   A   
TRANSMITIR . . . .  C ADDR   00B4H   A   
T_DATO . . . . . .  C ADDR   0094H   A   


REGISTER BANK(S) USED: 0 


ASSEMBLY COMPLETE.  0 WARNING(S), 0 ERROR(S)
